// Jest Snapshot v1, https://goo.gl/fbAQLP

exports[`InputSelect snapshot test render InputSelect component correctly 1`] = `
Array [
  <View
    accessible={true}
    focusable={true}
    onClick={[Function]}
    onResponderGrant={[Function]}
    onResponderMove={[Function]}
    onResponderRelease={[Function]}
    onResponderTerminate={[Function]}
    onResponderTerminationRequest={[Function]}
    onStartShouldSetResponder={[Function]}
    style={
      Object {
        "alignItems": "center",
        "alignSelf": "stretch",
        "backgroundColor": "#FFFFFF",
        "borderColor": "#0565FC",
        "borderRadius": 25,
        "borderWidth": 1,
        "elevation": 2,
        "flexDirection": "row",
        "height": 48,
        "justifyContent": "space-between",
        "marginTop": 15,
        "opacity": 1,
        "paddingHorizontal": 20,
        "shadowOffset": Object {
          "height": 0,
          "width": 0,
        },
        "shadowOpacity": 0.2,
        "shadowRadius": 2,
      }
    }
  >
    <Text
      style={
        Object {
          "color": "#2C3E50",
          "fontSize": 15,
        }
      }
      testID="inputSelect-label"
    >
      Minas Gerais
    </Text>
    <Icon
      color="black"
      name="sort-down"
      size={18}
    />
  </View>,
  <Modal
    hardwareAccelerated={false}
    transparent={true}
    visible={false}
  >
    <View
      style={
        Object {
          "backgroundColor": "rgba(52, 52, 52, 0.8)",
          "height": "100%",
          "justifyContent": "center",
        }
      }
    >
      <View
        style={
          Object {
            "height": "auto",
          }
        }
      >
        <RCTScrollView
          style={
            Object {
              "backgroundColor": "#FFFFFF",
              "borderRadius": 10,
              "margin": 20,
            }
          }
        >
          <View>
            <Text
              style={
                Object {
                  "color": "#7F8C8D",
                  "fontSize": 16,
                  "fontWeight": "bold",
                  "marginBottom": 10,
                  "textAlign": "center",
                }
              }
              testID="inputSelect-menuTitle"
            >
              Selecione um estado
            </Text>
            <View
              accessible={true}
              focusable={true}
              onClick={[Function]}
              onResponderGrant={[Function]}
              onResponderMove={[Function]}
              onResponderRelease={[Function]}
              onResponderTerminate={[Function]}
              onResponderTerminationRequest={[Function]}
              onStartShouldSetResponder={[Function]}
              style={
                Object {
                  "backgroundColor": "rgba(52, 52, 52, 0.15)",
                  "opacity": 1,
                  "padding": 13,
                }
              }
              testID="inputSelect-option0"
            >
              <Text
                testID="inputSelect-optionLabel"
              >
                Minas Gerais
              </Text>
            </View>
            <View
              accessible={true}
              focusable={true}
              onClick={[Function]}
              onResponderGrant={[Function]}
              onResponderMove={[Function]}
              onResponderRelease={[Function]}
              onResponderTerminate={[Function]}
              onResponderTerminationRequest={[Function]}
              onStartShouldSetResponder={[Function]}
              style={
                Object {
                  "opacity": 1,
                  "padding": 13,
                }
              }
              testID="inputSelect-option1"
            >
              <Text
                testID="inputSelect-optionLabel"
              >
                SÃ£o Paulo
              </Text>
            </View>
          </View>
        </RCTScrollView>
      </View>
    </View>
  </Modal>,
]
`;
