// Jest Snapshot v1, https://goo.gl/fbAQLP

exports[`AddProperty snapshot test render AddProperty screen correctly 1`] = `
<RCTScrollView
  showsVerticalScrollIndicator={false}
  style={
    Object {
      "backgroundColor": "#F0F0F0",
      "flex": 1,
      "paddingHorizontal": 30,
    }
  }
>
  <View>
    <View
      style={
        Object {
          "alignItems": "center",
          "flexDirection": "row",
          "justifyContent": "center",
          "marginBottom": 30,
          "marginTop": 20,
        }
      }
    >
      <View
        accessible={true}
        focusable={true}
        onClick={[Function]}
        onResponderGrant={[Function]}
        onResponderMove={[Function]}
        onResponderRelease={[Function]}
        onResponderTerminate={[Function]}
        onResponderTerminationRequest={[Function]}
        onStartShouldSetResponder={[Function]}
        style={
          Object {
            "alignItems": "center",
            "height": 30,
            "justifyContent": "center",
            "left": 0,
            "opacity": 1,
            "position": "absolute",
            "width": 30,
          }
        }
      >
        <Icon
          color="#2C3E50"
          name="arrow-left"
          size={20}
        />
      </View>
      <Text
        style={
          Object {
            "alignSelf": "center",
            "color": "#2C3E50",
            "fontSize": 23,
            "fontWeight": "600",
            "opacity": 0.8,
            "textAlign": "center",
          }
        }
      >
        Novo anuncio
      </Text>
    </View>
    <View
      onLayout={[Function]}
      style={
        Object {
          "paddingBottom": 0,
        }
      }
    >
      <Text
        style={
          Object {
            "color": "#2C3E50",
            "fontSize": 23,
            "fontWeight": "600",
            "textAlign": "center",
          }
        }
      >
        Vamos cadastrar seu im√≥vel
      </Text>
      <View
        style={
          Object {
            "flex": 1,
          }
        }
      >
        <View
          style={
            Object {
              "alignSelf": "center",
              "flexDirection": "row",
              "justifyContent": "space-evenly",
              "marginBottom": 50,
              "position": "relative",
              "top": 30,
            }
          }
        >
          <View>
            <View>
              <View
                style={
                  Object {
                    "alignItems": "center",
                    "flexDirection": "column",
                  }
                }
              >
                <View
                  style={
                    Object {
                      "backgroundColor": "transparent",
                      "borderColor": "#0565FC",
                      "borderRadius": 20,
                      "borderWidth": 5,
                      "bottom": 2,
                      "height": 40,
                      "width": 40,
                    }
                  }
                >
                  <Text
                    style={
                      Object {
                        "alignSelf": "center",
                        "top": 6.666666666666667,
                      }
                    }
                  >
                    <Text
                      style={
                        Object {
                          "color": "black",
                        }
                      }
                    >
                      1
                    </Text>
                  </Text>
                </View>
                <Text
                  style={
                    Object {
                      "color": "#0565FC",
                      "flexWrap": "wrap",
                      "fontFamily": undefined,
                      "fontSize": 14,
                      "paddingTop": 4,
                      "textAlign": "center",
                      "width": 100,
                    }
                  }
                />
                <View
                  style={
                    Object {
                      "borderTopColor": "#ebebe4",
                      "borderTopStyle": "solid",
                      "borderTopWidth": 3,
                      "left": 48,
                      "marginLeft": 22,
                      "position": "absolute",
                      "right": 0,
                      "top": 18.018018018018015,
                    }
                  }
                />
              </View>
            </View>
          </View>
          <View>
            <View>
              <View
                style={
                  Object {
                    "alignItems": "center",
                    "flexDirection": "column",
                  }
                }
              >
                <View
                  style={
                    Object {
                      "backgroundColor": "#ebebe4",
                      "borderRadius": 18,
                      "height": 36,
                      "width": 36,
                    }
                  }
                >
                  <Text
                    style={
                      Object {
                        "alignSelf": "center",
                        "top": 9,
                      }
                    }
                  >
                    <Text
                      style={
                        Object {
                          "color": "white",
                        }
                      }
                    >
                      2
                    </Text>
                  </Text>
                </View>
                <Text
                  style={
                    Object {
                      "color": "lightgray",
                      "flexWrap": "wrap",
                      "fontFamily": undefined,
                      "fontSize": 14,
                      "marginTop": 4,
                      "paddingTop": 4,
                      "textAlign": "center",
                      "width": 100,
                    }
                  }
                />
                <View
                  style={
                    Object {
                      "borderTopColor": "#ebebe4",
                      "borderTopStyle": "solid",
                      "borderTopWidth": 3,
                      "left": 0,
                      "marginRight": 22,
                      "position": "absolute",
                      "right": 44,
                      "top": 18,
                    }
                  }
                />
                <View
                  style={
                    Object {
                      "borderTopColor": "#ebebe4",
                      "borderTopStyle": "solid",
                      "borderTopWidth": 3,
                      "left": 44,
                      "marginLeft": 22,
                      "position": "absolute",
                      "right": 0,
                      "top": 18,
                    }
                  }
                />
              </View>
            </View>
          </View>
          <View>
            <View>
              <View
                style={
                  Object {
                    "alignItems": "center",
                    "flexDirection": "column",
                  }
                }
              >
                <View
                  style={
                    Object {
                      "backgroundColor": "#ebebe4",
                      "borderRadius": 18,
                      "height": 36,
                      "width": 36,
                    }
                  }
                >
                  <Text
                    style={
                      Object {
                        "alignSelf": "center",
                        "top": 9,
                      }
                    }
                  >
                    <Text
                      style={
                        Object {
                          "color": "white",
                        }
                      }
                    >
                      3
                    </Text>
                  </Text>
                </View>
                <Text
                  style={
                    Object {
                      "color": "lightgray",
                      "flexWrap": "wrap",
                      "fontFamily": undefined,
                      "fontSize": 14,
                      "marginTop": 4,
                      "paddingTop": 4,
                      "textAlign": "center",
                      "width": 100,
                    }
                  }
                />
                <View
                  style={
                    Object {
                      "borderTopColor": "#ebebe4",
                      "borderTopStyle": "solid",
                      "borderTopWidth": 3,
                      "left": 0,
                      "marginRight": 22,
                      "position": "absolute",
                      "right": 44,
                      "top": 18,
                    }
                  }
                />
                <View
                  style={
                    Object {
                      "borderTopColor": "#ebebe4",
                      "borderTopStyle": "solid",
                      "borderTopWidth": 3,
                      "left": 44,
                      "marginLeft": 22,
                      "position": "absolute",
                      "right": 0,
                      "top": 18,
                    }
                  }
                />
              </View>
            </View>
          </View>
          <View>
            <View>
              <View
                style={
                  Object {
                    "alignItems": "center",
                    "flexDirection": "column",
                  }
                }
              >
                <View
                  style={
                    Object {
                      "backgroundColor": "#ebebe4",
                      "borderRadius": 18,
                      "height": 36,
                      "width": 36,
                    }
                  }
                >
                  <Text
                    style={
                      Object {
                        "alignSelf": "center",
                        "top": 9,
                      }
                    }
                  >
                    <Text
                      style={
                        Object {
                          "color": "white",
                        }
                      }
                    >
                      4
                    </Text>
                  </Text>
                </View>
                <Text
                  style={
                    Object {
                      "color": "lightgray",
                      "flexWrap": "wrap",
                      "fontFamily": undefined,
                      "fontSize": 14,
                      "marginTop": 4,
                      "paddingTop": 4,
                      "textAlign": "center",
                      "width": 100,
                    }
                  }
                />
                <View
                  style={
                    Object {
                      "borderTopColor": "#ebebe4",
                      "borderTopStyle": "solid",
                      "borderTopWidth": 3,
                      "left": 0,
                      "marginRight": 22,
                      "position": "absolute",
                      "right": 44,
                      "top": 18,
                    }
                  }
                />
                <View
                  style={
                    Object {
                      "borderTopColor": "#ebebe4",
                      "borderTopStyle": "solid",
                      "borderTopWidth": 3,
                      "left": 44,
                      "marginLeft": 22,
                      "position": "absolute",
                      "right": 0,
                      "top": 18,
                    }
                  }
                />
              </View>
            </View>
          </View>
          <View>
            <View>
              <View
                style={
                  Object {
                    "alignItems": "center",
                    "flexDirection": "column",
                  }
                }
              >
                <View
                  style={
                    Object {
                      "backgroundColor": "#ebebe4",
                      "borderRadius": 18,
                      "height": 36,
                      "width": 36,
                    }
                  }
                >
                  <Text
                    style={
                      Object {
                        "alignSelf": "center",
                        "top": 9,
                      }
                    }
                  >
                    <Text
                      style={
                        Object {
                          "color": "white",
                        }
                      }
                    >
                      5
                    </Text>
                  </Text>
                </View>
                <Text
                  style={
                    Object {
                      "color": "lightgray",
                      "flexWrap": "wrap",
                      "fontFamily": undefined,
                      "fontSize": 14,
                      "marginTop": 4,
                      "paddingTop": 4,
                      "textAlign": "center",
                      "width": 100,
                    }
                  }
                />
                <View
                  style={
                    Object {
                      "borderTopColor": "#ebebe4",
                      "borderTopStyle": "solid",
                      "borderTopWidth": 3,
                      "left": 0,
                      "marginRight": 22,
                      "position": "absolute",
                      "right": 44,
                      "top": 18,
                    }
                  }
                />
              </View>
            </View>
          </View>
        </View>
        <View
          style={
            Object {
              "flex": 1,
            }
          }
        >
          <View
            style={
              Object {
                "flex": 1,
              }
            }
          >
            <View>
              <View
                style={
                  Object {
                    "marginBottom": 20,
                  }
                }
              >
                <Text
                  style={
                    Object {
                      "color": "#7F8C8D",
                      "fontSize": 15,
                      "fontWeight": "500",
                      "marginBottom": 10,
                      "marginTop": 5,
                      "textAlign": "center",
                    }
                  }
                >
                  Primeiramente, nos diga as informa√ß√µes que voc√™ gostaria de conter no seu an√∫ncio
                </Text>
                <Text
                  style={
                    Object {
                      "color": "#7F8C8D",
                      "fontSize": 14,
                      "fontWeight": "500",
                      "marginBottom": -10,
                      "marginLeft": 20,
                      "marginTop": 15,
                    }
                  }
                >
                  T√≠tulo
                </Text>
                <View
                  style={
                    Array [
                      Object {
                        "alignSelf": "stretch",
                        "backgroundColor": "#FFFFFF",
                        "borderColor": "#0565FC",
                        "borderRadius": 25,
                        "borderWidth": 1,
                        "elevation": 2,
                        "flexDirection": "row",
                        "marginTop": 15,
                        "paddingHorizontal": 12,
                        "shadowOffset": Object {
                          "height": 0,
                          "width": 0,
                        },
                        "shadowOpacity": 0.2,
                        "shadowRadius": 2,
                      },
                      undefined,
                    ]
                  }
                >
                  <TextInput
                    allowFontScaling={true}
                    onBlur={[Function]}
                    onChangeText={[Function]}
                    onFocus={[Function]}
                    placeholder="T√≠tulo do an√∫ncio..."
                    placeholderTextColor="#AAADB3"
                    rejectResponderTermination={true}
                    secureTextEntry={false}
                    style={
                      Array [
                        Object {
                          "color": "#2C3E50",
                          "height": 46,
                          "paddingHorizontal": 8,
                          "paddingVertical": 10,
                          "width": "100%",
                        },
                        undefined,
                      ]
                    }
                    testID="title-input"
                    underlineColorAndroid="transparent"
                    value=""
                  />
                </View>
                <Text
                  style={
                    Object {
                      "color": "#7F8C8D",
                      "fontSize": 14,
                      "fontWeight": "500",
                      "marginBottom": -10,
                      "marginLeft": 20,
                      "marginTop": 15,
                    }
                  }
                >
                  Descri√ß√£o
                </Text>
                <View
                  style={
                    Array [
                      Object {
                        "alignSelf": "stretch",
                        "backgroundColor": "#FFFFFF",
                        "borderColor": "#0565FC",
                        "borderRadius": 25,
                        "borderWidth": 1,
                        "elevation": 2,
                        "flexDirection": "row",
                        "marginTop": 15,
                        "paddingHorizontal": 12,
                        "shadowOffset": Object {
                          "height": 0,
                          "width": 0,
                        },
                        "shadowOpacity": 0.2,
                        "shadowRadius": 2,
                      },
                      undefined,
                    ]
                  }
                >
                  <TextInput
                    allowFontScaling={true}
                    multiline={true}
                    onBlur={[Function]}
                    onChangeText={[Function]}
                    onFocus={[Function]}
                    placeholder="Descri√ß√£o do an√∫ncio..."
                    placeholderTextColor="#AAADB3"
                    rejectResponderTermination={true}
                    secureTextEntry={false}
                    style={
                      Array [
                        Object {
                          "color": "#2C3E50",
                          "height": 46,
                          "paddingHorizontal": 8,
                          "paddingVertical": 10,
                          "width": "100%",
                        },
                        Object {
                          "height": 100,
                          "justifyContent": "flex-start",
                        },
                      ]
                    }
                    testID="description-input"
                    textAlignVertical="top"
                    underlineColorAndroid="transparent"
                    value=""
                  />
                </View>
              </View>
            </View>
            <View
              style={
                Object {
                  "flexDirection": "row",
                  "marginTop": 90,
                }
              }
            >
              <View
                style={
                  Object {
                    "bottom": 40,
                    "left": 60,
                    "position": "absolute",
                  }
                }
              >
                <View
                  accessible={true}
                  focusable={true}
                  onClick={[Function]}
                  onResponderGrant={[Function]}
                  onResponderMove={[Function]}
                  onResponderRelease={[Function]}
                  onResponderTerminate={[Function]}
                  onResponderTerminationRequest={[Function]}
                  onStartShouldSetResponder={[Function]}
                  style={
                    Object {
                      "opacity": 1,
                      "padding": 8,
                      "textAlign": "center",
                    }
                  }
                >
                  <Text
                    style={
                      Array [
                        Object {
                          "color": "#007AFF",
                          "fontSize": 18,
                        },
                      ]
                    }
                  >
                    
                  </Text>
                </View>
              </View>
              <View
                style={
                  Object {
                    "bottom": 40,
                    "position": "absolute",
                    "right": 60,
                  }
                }
              >
                <View
                  accessible={true}
                  focusable={true}
                  onClick={[Function]}
                  onResponderGrant={[Function]}
                  onResponderMove={[Function]}
                  onResponderRelease={[Function]}
                  onResponderTerminate={[Function]}
                  onResponderTerminationRequest={[Function]}
                  onStartShouldSetResponder={[Function]}
                  style={
                    Object {
                      "alignItems": "center",
                      "backgroundColor": "#0565FC",
                      "borderRadius": 24,
                      "height": 35,
                      "justifyContent": "center",
                      "opacity": 1,
                      "padding": 8,
                      "textAlign": "center",
                      "width": 90,
                    }
                  }
                >
                  <Text
                    style={
                      Array [
                        Object {
                          "color": "#FFFFFF",
                          "fontSize": 16,
                          "fontWeight": "bold",
                        },
                      ]
                    }
                  >
                    Pr√≥ximo
                  </Text>
                </View>
              </View>
            </View>
          </View>
        </View>
      </View>
    </View>
  </View>
</RCTScrollView>
`;
