// Jest Snapshot v1, https://goo.gl/fbAQLP

exports[`Favorite snapshot test render Favorite screen correctly when signed=false 1`] = `
<View
  onLayout={[Function]}
  style={
    Object {
      "alignItems": "center",
      "flex": 1,
      "flexDirection": "column",
      "justifyContent": "space-between",
      "paddingHorizontal": "10%",
      "paddingVertical": "25%",
    }
  }
  testID="empty-message"
>
  <Icon
    color="#0565FC"
    name="heart-broken"
    size={120}
  />
  <View>
    <Text
      style={
        Object {
          "color": "#2C3E50",
          "fontSize": 20,
          "fontWeight": "bold",
          "textAlign": "center",
        }
      }
    >
      Você ainda não possui imóveis favoritos
    </Text>
    <Text
      style={
        Object {
          "color": "#AAADB3",
          "fontSize": 18,
          "marginTop": 15,
          "textAlign": "center",
        }
      }
    >
      Vá para tela principal para visualizar os imóveis e favoritá-los!
    </Text>
  </View>
  <View
    accessible={true}
    focusable={true}
    onClick={[Function]}
    onResponderGrant={[Function]}
    onResponderMove={[Function]}
    onResponderRelease={[Function]}
    onResponderTerminate={[Function]}
    onResponderTerminationRequest={[Function]}
    onStartShouldSetResponder={[Function]}
    style={
      Object {
        "alignItems": "center",
        "alignSelf": "center",
        "backgroundColor": "#0565FC",
        "borderRadius": 24,
        "height": 40,
        "justifyContent": "center",
        "marginVertical": 10,
        "opacity": 1,
        "width": 130,
      }
    }
  >
    <Text
      style={
        Object {
          "color": "#FFFFFF",
        }
      }
    >
      Tela inicial
    </Text>
  </View>
</View>
`;

exports[`Favorite snapshot test render Favorite screen correctly when signed=true 1`] = `
<View
  onLayout={[Function]}
  style={
    Object {
      "alignItems": "center",
      "flex": 1,
      "flexDirection": "column",
      "justifyContent": "space-between",
      "paddingHorizontal": "10%",
      "paddingVertical": "25%",
    }
  }
  testID="empty-message"
>
  <Icon
    color="#0565FC"
    name="heart-broken"
    size={120}
  />
  <View>
    <Text
      style={
        Object {
          "color": "#2C3E50",
          "fontSize": 20,
          "fontWeight": "bold",
          "textAlign": "center",
        }
      }
    >
      Você ainda não possui imóveis favoritos
    </Text>
    <Text
      style={
        Object {
          "color": "#AAADB3",
          "fontSize": 18,
          "marginTop": 15,
          "textAlign": "center",
        }
      }
    >
      Vá para tela principal para visualizar os imóveis e favoritá-los!
    </Text>
  </View>
  <View
    accessible={true}
    focusable={true}
    onClick={[Function]}
    onResponderGrant={[Function]}
    onResponderMove={[Function]}
    onResponderRelease={[Function]}
    onResponderTerminate={[Function]}
    onResponderTerminationRequest={[Function]}
    onStartShouldSetResponder={[Function]}
    style={
      Object {
        "alignItems": "center",
        "alignSelf": "center",
        "backgroundColor": "#0565FC",
        "borderRadius": 24,
        "height": 40,
        "justifyContent": "center",
        "marginVertical": 10,
        "opacity": 1,
        "width": 130,
      }
    }
  >
    <Text
      style={
        Object {
          "color": "#FFFFFF",
        }
      }
    >
      Tela inicial
    </Text>
  </View>
</View>
`;
