// Jest Snapshot v1, https://goo.gl/fbAQLP

exports[`SignUp snapshot test render SignUp screen correctly 1`] = `
<View
  onLayout={[Function]}
  style={
    Array [
      Object {
        "alignItems": "center",
        "backgroundColor": "#E5E5E5",
        "flex": 1,
        "justifyContent": "center",
        "padding": 30,
      },
      Object {
        "paddingBottom": 0,
      },
    ]
  }
>
  <RCTScrollView
    alwaysBounceVertical={false}
    showsVerticalScrollIndicator={false}
  >
    <View>
      <View
        accessible={true}
        focusable={true}
        onClick={[Function]}
        onResponderGrant={[Function]}
        onResponderMove={[Function]}
        onResponderRelease={[Function]}
        onResponderTerminate={[Function]}
        onResponderTerminationRequest={[Function]}
        onStartShouldSetResponder={[Function]}
        style={
          Object {
            "marginTop": 5,
            "opacity": 1,
          }
        }
      >
        <Icon
          color="#FCA311"
          name="arrow-left"
          size={20}
        />
      </View>
      <View
        style={
          Object {
            "alignItems": "center",
            "justifyContent": "center",
            "marginTop": 20,
          }
        }
      >
        <Text
          style={
            Object {
              "color": "#14213D",
              "fontSize": 23,
              "fontWeight": "600",
              "textAlign": "left",
              "width": 300,
            }
          }
        >
           Cadastre-se.
        </Text>
        <Text
          style={
            Object {
              "color": "#14213D",
              "fontSize": 23,
              "fontWeight": "600",
              "textAlign": "left",
              "width": 300,
            }
          }
        >
           É rápido, simples e gratuito!
        </Text>
      </View>
      <View
        style={
          Object {
            "flex": 1,
          }
        }
      >
        <View
          style={
            Object {
              "alignSelf": "center",
              "flexDirection": "row",
              "justifyContent": "space-evenly",
              "marginBottom": 50,
              "position": "relative",
              "top": 30,
            }
          }
        >
          <View>
            <View>
              <View
                style={
                  Object {
                    "alignItems": "center",
                    "flexDirection": "column",
                  }
                }
              >
                <View
                  style={
                    Object {
                      "backgroundColor": "transparent",
                      "borderColor": "#FCA311",
                      "borderRadius": 20,
                      "borderWidth": 5,
                      "bottom": 2,
                      "height": 40,
                      "width": 40,
                    }
                  }
                >
                  <Text
                    style={
                      Object {
                        "alignSelf": "center",
                        "top": 6.666666666666667,
                      }
                    }
                  >
                    <Text
                      style={
                        Object {
                          "color": "black",
                        }
                      }
                    >
                      1
                    </Text>
                  </Text>
                </View>
                <Text
                  style={
                    Object {
                      "color": "#FCA311",
                      "flexWrap": "wrap",
                      "fontFamily": undefined,
                      "fontSize": 14,
                      "paddingTop": 4,
                      "textAlign": "center",
                      "width": 100,
                    }
                  }
                >
                  Pessoal
                </Text>
                <View
                  style={
                    Object {
                      "borderTopColor": "#ebebe4",
                      "borderTopStyle": "solid",
                      "borderTopWidth": 3,
                      "left": 48,
                      "marginLeft": 22,
                      "position": "absolute",
                      "right": 0,
                      "top": 18.018018018018015,
                    }
                  }
                />
              </View>
            </View>
          </View>
          <View>
            <View>
              <View
                style={
                  Object {
                    "alignItems": "center",
                    "flexDirection": "column",
                  }
                }
              >
                <View
                  style={
                    Object {
                      "backgroundColor": "#ebebe4",
                      "borderRadius": 18,
                      "height": 36,
                      "width": 36,
                    }
                  }
                >
                  <Text
                    style={
                      Object {
                        "alignSelf": "center",
                        "top": 9,
                      }
                    }
                  >
                    <Text
                      style={
                        Object {
                          "color": "white",
                        }
                      }
                    >
                      2
                    </Text>
                  </Text>
                </View>
                <Text
                  style={
                    Object {
                      "color": "lightgray",
                      "flexWrap": "wrap",
                      "fontFamily": undefined,
                      "fontSize": 14,
                      "marginTop": 4,
                      "paddingTop": 4,
                      "textAlign": "center",
                      "width": 100,
                    }
                  }
                >
                  Login
                </Text>
                <View
                  style={
                    Object {
                      "borderTopColor": "#ebebe4",
                      "borderTopStyle": "solid",
                      "borderTopWidth": 3,
                      "left": 0,
                      "marginRight": 22,
                      "position": "absolute",
                      "right": 44,
                      "top": 18,
                    }
                  }
                />
                <View
                  style={
                    Object {
                      "borderTopColor": "#ebebe4",
                      "borderTopStyle": "solid",
                      "borderTopWidth": 3,
                      "left": 44,
                      "marginLeft": 22,
                      "position": "absolute",
                      "right": 0,
                      "top": 18,
                    }
                  }
                />
              </View>
            </View>
          </View>
          <View>
            <View>
              <View
                style={
                  Object {
                    "alignItems": "center",
                    "flexDirection": "column",
                  }
                }
              >
                <View
                  style={
                    Object {
                      "backgroundColor": "#ebebe4",
                      "borderRadius": 18,
                      "height": 36,
                      "width": 36,
                    }
                  }
                >
                  <Text
                    style={
                      Object {
                        "alignSelf": "center",
                        "top": 9,
                      }
                    }
                  >
                    <Text
                      style={
                        Object {
                          "color": "white",
                        }
                      }
                    >
                      3
                    </Text>
                  </Text>
                </View>
                <Text
                  style={
                    Object {
                      "color": "lightgray",
                      "flexWrap": "wrap",
                      "fontFamily": undefined,
                      "fontSize": 14,
                      "marginTop": 4,
                      "paddingTop": 4,
                      "textAlign": "center",
                      "width": 100,
                    }
                  }
                >
                  Senha
                </Text>
                <View
                  style={
                    Object {
                      "borderTopColor": "#ebebe4",
                      "borderTopStyle": "solid",
                      "borderTopWidth": 3,
                      "left": 0,
                      "marginRight": 22,
                      "position": "absolute",
                      "right": 44,
                      "top": 18,
                    }
                  }
                />
                <View
                  style={
                    Object {
                      "borderTopColor": "#ebebe4",
                      "borderTopStyle": "solid",
                      "borderTopWidth": 3,
                      "left": 44,
                      "marginLeft": 22,
                      "position": "absolute",
                      "right": 0,
                      "top": 18,
                    }
                  }
                />
              </View>
            </View>
          </View>
          <View>
            <View>
              <View
                style={
                  Object {
                    "alignItems": "center",
                    "flexDirection": "column",
                  }
                }
              >
                <View
                  style={
                    Object {
                      "backgroundColor": "#ebebe4",
                      "borderRadius": 18,
                      "height": 36,
                      "width": 36,
                    }
                  }
                >
                  <Text
                    style={
                      Object {
                        "alignSelf": "center",
                        "top": 9,
                      }
                    }
                  >
                    <Text
                      style={
                        Object {
                          "color": "white",
                        }
                      }
                    >
                      4
                    </Text>
                  </Text>
                </View>
                <Text
                  style={
                    Object {
                      "color": "lightgray",
                      "flexWrap": "wrap",
                      "fontFamily": undefined,
                      "fontSize": 14,
                      "marginTop": 4,
                      "paddingTop": 4,
                      "textAlign": "center",
                      "width": 100,
                    }
                  }
                >
                  Foto
                </Text>
                <View
                  style={
                    Object {
                      "borderTopColor": "#ebebe4",
                      "borderTopStyle": "solid",
                      "borderTopWidth": 3,
                      "left": 0,
                      "marginRight": 22,
                      "position": "absolute",
                      "right": 44,
                      "top": 18,
                    }
                  }
                />
              </View>
            </View>
          </View>
        </View>
        <View
          style={
            Object {
              "flex": 1,
            }
          }
        >
          <View
            style={
              Object {
                "flex": 1,
              }
            }
          >
            <View>
              <View
                style={
                  Object {
                    "marginBottom": 20,
                  }
                }
              >
                <Text
                  style={
                    Object {
                      "color": "#14213D",
                      "fontSize": 14,
                      "fontWeight": "500",
                      "marginBottom": -10,
                      "marginLeft": 20,
                      "marginTop": 15,
                    }
                  }
                >
                  Nome
                </Text>
                <View
                  style={
                    Array [
                      Object {
                        "alignSelf": "stretch",
                        "backgroundColor": "#FFF",
                        "borderColor": "#14213D",
                        "borderRadius": 25,
                        "borderWidth": 1,
                        "elevation": 2,
                        "flexDirection": "row",
                        "marginTop": 15,
                        "paddingHorizontal": 12,
                        "shadowOffset": Object {
                          "height": 0,
                          "width": 0,
                        },
                        "shadowOpacity": 0.2,
                        "shadowRadius": 2,
                      },
                      undefined,
                    ]
                  }
                >
                  <TextInput
                    allowFontScaling={true}
                    onBlur={[Function]}
                    onChangeText={[Function]}
                    onFocus={[Function]}
                    placeholder="Ex: Pedro Henrique Santos"
                    placeholderTextColor="#d2d2d2"
                    rejectResponderTermination={true}
                    secureTextEntry={false}
                    style={
                      Array [
                        Object {
                          "height": 46,
                          "paddingHorizontal": 8,
                          "paddingVertical": 10,
                          "width": "100%",
                        },
                        undefined,
                      ]
                    }
                    testID="signUp-name-input"
                    underlineColorAndroid="transparent"
                    value=""
                  />
                </View>
                <Text
                  style={
                    Object {
                      "color": "#14213D",
                      "fontSize": 14,
                      "fontWeight": "500",
                      "marginBottom": -10,
                      "marginLeft": 20,
                      "marginTop": 15,
                    }
                  }
                >
                  CPF
                </Text>
                <View
                  style={
                    Array [
                      Object {
                        "alignSelf": "stretch",
                        "backgroundColor": "#FFF",
                        "borderColor": "#14213D",
                        "borderRadius": 25,
                        "borderWidth": 1,
                        "elevation": 2,
                        "flexDirection": "row",
                        "marginTop": 15,
                        "paddingHorizontal": 12,
                        "shadowOffset": Object {
                          "height": 0,
                          "width": 0,
                        },
                        "shadowOpacity": 0.2,
                        "shadowRadius": 2,
                      },
                      undefined,
                    ]
                  }
                >
                  <TextInput
                    allowFontScaling={true}
                    keyboardType="numeric"
                    onBlur={[Function]}
                    onChangeText={[Function]}
                    onFocus={[Function]}
                    placeholder="xxx.xxx.xxx-xx"
                    placeholderTextColor="#d2d2d2"
                    rejectResponderTermination={true}
                    secureTextEntry={false}
                    style={
                      Array [
                        Object {
                          "height": 46,
                          "paddingHorizontal": 8,
                          "paddingVertical": 10,
                          "width": "100%",
                        },
                        undefined,
                      ]
                    }
                    testID="signUp-cpf-input"
                    underlineColorAndroid="transparent"
                    value=""
                  />
                </View>
                <Text
                  style={
                    Object {
                      "color": "#14213D",
                      "fontSize": 14,
                      "fontWeight": "500",
                      "marginBottom": -10,
                      "marginLeft": 20,
                      "marginTop": 15,
                    }
                  }
                >
                  Celular
                </Text>
                <View
                  style={
                    Array [
                      Object {
                        "alignSelf": "stretch",
                        "backgroundColor": "#FFF",
                        "borderColor": "#14213D",
                        "borderRadius": 25,
                        "borderWidth": 1,
                        "elevation": 2,
                        "flexDirection": "row",
                        "marginTop": 15,
                        "paddingHorizontal": 12,
                        "shadowOffset": Object {
                          "height": 0,
                          "width": 0,
                        },
                        "shadowOpacity": 0.2,
                        "shadowRadius": 2,
                      },
                      undefined,
                    ]
                  }
                >
                  <TextInput
                    allowFontScaling={true}
                    keyboardType="phone-pad"
                    onBlur={[Function]}
                    onChangeText={[Function]}
                    onFocus={[Function]}
                    placeholder="(xx)xxxxx-xxxx"
                    placeholderTextColor="#d2d2d2"
                    rejectResponderTermination={true}
                    secureTextEntry={false}
                    style={
                      Array [
                        Object {
                          "height": 46,
                          "paddingHorizontal": 8,
                          "paddingVertical": 10,
                          "width": "100%",
                        },
                        undefined,
                      ]
                    }
                    testID="signUp-phone-input"
                    underlineColorAndroid="transparent"
                    value=""
                  />
                </View>
              </View>
            </View>
            <View
              style={
                Object {
                  "flexDirection": "row",
                  "marginTop": 90,
                }
              }
            >
              <View
                style={
                  Object {
                    "bottom": 40,
                    "left": 60,
                    "position": "absolute",
                  }
                }
              >
                <View
                  accessible={true}
                  focusable={true}
                  onClick={[Function]}
                  onResponderGrant={[Function]}
                  onResponderMove={[Function]}
                  onResponderRelease={[Function]}
                  onResponderTerminate={[Function]}
                  onResponderTerminationRequest={[Function]}
                  onStartShouldSetResponder={[Function]}
                  style={
                    Object {
                      "opacity": 1,
                      "padding": 8,
                      "textAlign": "center",
                    }
                  }
                >
                  <Text
                    style={
                      Array [
                        Object {
                          "color": "#007AFF",
                          "fontSize": 18,
                        },
                      ]
                    }
                  >
                    
                  </Text>
                </View>
              </View>
              <View
                style={
                  Object {
                    "bottom": 40,
                    "position": "absolute",
                    "right": 60,
                  }
                }
              >
                <View
                  accessible={true}
                  focusable={true}
                  onClick={[Function]}
                  onResponderGrant={[Function]}
                  onResponderMove={[Function]}
                  onResponderRelease={[Function]}
                  onResponderTerminate={[Function]}
                  onResponderTerminationRequest={[Function]}
                  onStartShouldSetResponder={[Function]}
                  style={
                    Object {
                      "alignItems": "center",
                      "backgroundColor": "#FCA311",
                      "borderRadius": 24,
                      "height": 35,
                      "justifyContent": "center",
                      "opacity": 1,
                      "padding": 8,
                      "textAlign": "center",
                      "width": 90,
                    }
                  }
                >
                  <Text
                    style={
                      Array [
                        Object {
                          "color": "#14213D",
                          "fontSize": 16,
                          "fontWeight": "bold",
                        },
                      ]
                    }
                  >
                    Próximo
                  </Text>
                </View>
              </View>
            </View>
          </View>
        </View>
      </View>
    </View>
  </RCTScrollView>
</View>
`;
