// Jest Snapshot v1, https://goo.gl/fbAQLP

exports[`Float button test render float button correctly 1`] = `
<View
  accessible={true}
  focusable={false}
  onClick={[Function]}
  onResponderGrant={[Function]}
  onResponderMove={[Function]}
  onResponderRelease={[Function]}
  onResponderTerminate={[Function]}
  onResponderTerminationRequest={[Function]}
  onStartShouldSetResponder={[Function]}
  style={
    Object {
      "alignItems": "center",
      "backgroundColor": "#19294d",
      "borderRadius": 560,
      "bottom": 30,
      "height": 60,
      "justifyContent": "center",
      "opacity": 1,
      "position": "absolute",
      "right": 20,
      "width": 60,
    }
  }
>
  <Icon
    color="#FFFFFF"
    name="plus"
    size={16}
  />
</View>
`;
