// Jest Snapshot v1, https://goo.gl/fbAQLP

exports[`ImovelCard test render FloatButton component correctly 1`] = `
<View
  style={
    Array [
      Object {
        "backgroundColor": "#FFF",
        "borderColor": "#bfbfbf",
        "borderRadius": 24,
        "borderWidth": 1,
        "marginVertical": 10,
        "overflow": "hidden",
      },
    ]
  }
>
  <RCTScrollView
    decelerationRate={0}
    horizontal={true}
    pagingEnabled={true}
    showsHorizontalScrollIndicator={true}
    snapToAlignment="center"
    snapToInterval={630}
    style={
      Object {
        "height": 180,
        "maxWidth": "100%",
      }
    }
  >
    <View>
      <View
        onStartShouldSetResponder={[Function]}
      >
        <View
          accessible={true}
          focusable={true}
          onClick={[Function]}
          onResponderGrant={[Function]}
          onResponderMove={[Function]}
          onResponderRelease={[Function]}
          onResponderTerminate={[Function]}
          onResponderTerminationRequest={[Function]}
          onStartShouldSetResponder={[Function]}
          style={
            Object {
              "opacity": 1,
            }
          }
        >
          <Image
            resizeMode="cover"
            source={
              Object {
                "uri": "https://res.cloudinary.com/imovel/image/upload/v1602331961/property/44787f89b5bddb4ed318cadd74b11b13-property1_img1.jpg",
              }
            }
            style={
              Object {
                "height": 360.18,
                "width": 630,
              }
            }
          />
        </View>
      </View>
      <View
        onStartShouldSetResponder={[Function]}
      >
        <View
          accessible={true}
          focusable={true}
          onClick={[Function]}
          onResponderGrant={[Function]}
          onResponderMove={[Function]}
          onResponderRelease={[Function]}
          onResponderTerminate={[Function]}
          onResponderTerminationRequest={[Function]}
          onStartShouldSetResponder={[Function]}
          style={
            Object {
              "opacity": 1,
            }
          }
        >
          <Image
            resizeMode="cover"
            source={
              Object {
                "uri": "https://res.cloudinary.com/imovel/image/upload/v1602331961/property/b0881d860264b258b075452ecdc8611f-property1_img2.jpg",
              }
            }
            style={
              Object {
                "height": 360.18,
                "width": 630,
              }
            }
          />
        </View>
      </View>
      <View
        onStartShouldSetResponder={[Function]}
      >
        <View
          accessible={true}
          focusable={true}
          onClick={[Function]}
          onResponderGrant={[Function]}
          onResponderMove={[Function]}
          onResponderRelease={[Function]}
          onResponderTerminate={[Function]}
          onResponderTerminationRequest={[Function]}
          onStartShouldSetResponder={[Function]}
          style={
            Object {
              "opacity": 1,
            }
          }
        >
          <Image
            resizeMode="cover"
            source={
              Object {
                "uri": "https://res.cloudinary.com/imovel/image/upload/v1602331961/property/3b8f454f5ec946176577ab1e73c17b27-property1_img3.jpg",
              }
            }
            style={
              Object {
                "height": 360.18,
                "width": 630,
              }
            }
          />
        </View>
      </View>
      <View
        onStartShouldSetResponder={[Function]}
      >
        <View
          accessible={true}
          focusable={true}
          onClick={[Function]}
          onResponderGrant={[Function]}
          onResponderMove={[Function]}
          onResponderRelease={[Function]}
          onResponderTerminate={[Function]}
          onResponderTerminationRequest={[Function]}
          onStartShouldSetResponder={[Function]}
          style={
            Object {
              "opacity": 1,
            }
          }
        >
          <Image
            resizeMode="cover"
            source={
              Object {
                "uri": "https://res.cloudinary.com/imovel/image/upload/v1602331961/property/27c1852232a894cf4956c90e8e172ef5-property1_img4.jpg",
              }
            }
            style={
              Object {
                "height": 360.18,
                "width": 630,
              }
            }
          />
        </View>
      </View>
    </View>
  </RCTScrollView>
  <View
    style={
      Object {
        "alignSelf": "flex-end",
        "margin": 10,
        "position": "absolute",
      }
    }
  >
    <View
      accessible={true}
      focusable={true}
      onClick={[Function]}
      onResponderGrant={[Function]}
      onResponderMove={[Function]}
      onResponderRelease={[Function]}
      onResponderTerminate={[Function]}
      onResponderTerminationRequest={[Function]}
      onStartShouldSetResponder={[Function]}
      style={
        Object {
          "alignItems": "center",
          "backgroundColor": "#FFF",
          "borderColor": "#E5E5E5",
          "borderRadius": 25,
          "borderWidth": 1,
          "elevation": 2,
          "height": 40,
          "justifyContent": "center",
          "marginHorizontal": 7,
          "opacity": 1,
          "shadowColor": "#000",
          "shadowOffset": Object {
            "height": 2,
            "width": 0,
          },
          "shadowOpacity": 0.08,
          "shadowRadius": 2,
          "width": 40,
        }
      }
    >
      <Icon
        color="#19294d"
        name="heart-o"
        size={18}
      />
    </View>
  </View>
  <View
    style={
      Object {
        "borderTopColor": "#bfbfbf",
        "borderTopWidth": 2,
        "paddingBottom": 15,
        "paddingHorizontal": 15,
        "paddingTop": 5,
      }
    }
  >
    <View
      style={
        Object {
          "alignItems": "center",
          "flexDirection": "row",
          "justifyContent": "space-between",
        }
      }
    >
      <Text
        style={
          Object {
            "color": "#000",
            "fontSize": 16,
            "fontWeight": "600",
            "lineHeight": 20,
          }
        }
      >
        Aluguel 
        R$ 2.143,00
      </Text>
    </View>
    <Text
      numberOfLines={3}
      style={
        Object {
          "color": "#999",
          "fontSize": 14,
          "fontWeight": "500",
          "paddingTop": 8,
        }
      }
    >
      Rua Conselheiro Furtado, Liberdade - SÃ£o Paulo (SP)
    </Text>
  </View>
</View>
`;
