// Jest Snapshot v1, https://goo.gl/fbAQLP

exports[`Loader test render Loader component correctly 1`] = `null`;
