// Jest Snapshot v1, https://goo.gl/fbAQLP

exports[`Modal snapshot test render Modal component correctly 1`] = `
<Modal
  animationType="fade"
  hardwareAccelerated={false}
  onRequestClose={[Function]}
  transparent={true}
  visible={true}
>
  <View
    style={
      Object {
        "alignItems": "center",
        "flex": 1,
        "justifyContent": "center",
        "marginTop": 20,
      }
    }
  >
    <View
      style={
        Object {
          "alignItems": "center",
          "backgroundColor": "#e6e6e6",
          "borderColor": "#14213D",
          "borderRadius": 24,
          "borderWidth": 0.5,
          "elevation": 5,
          "padding": 18,
          "shadowColor": "#000",
          "shadowOffset": Object {
            "height": 2,
            "width": 0,
          },
          "shadowOpacity": 0.25,
          "shadowRadius": 4,
        }
      }
    >
      <View
        style={
          Object {
            "flexDirection": "row",
            "marginBottom": 5,
          }
        }
      >
        <Image
          resizeMode="contain"
          source={1}
          style={
            Object {
              "backgroundColor": "#14213D",
              "borderColor": "#14213D",
              "borderRadius": 100,
              "borderWidth": 3,
              "height": 80,
              "width": 80,
            }
          }
        />
        <View
          style={
            Object {
              "alignItems": "flex-start",
              "justifyContent": "center",
              "paddingLeft": 8,
            }
          }
        >
          <View
            style={
              Object {
                "flexDirection": "row",
              }
            }
          >
            <Text
              style={
                Object {
                  "color": "#14213D",
                  "fontSize": 14,
                  "fontWeight": "700",
                  "paddingBottom": 5,
                  "paddingRight": 5,
                }
              }
            >
              Proprietário:
            </Text>
            <Text
              style={
                Object {
                  "color": "#6e6e6e",
                  "fontSize": 14,
                  "fontWeight": "500",
                  "paddingBottom": 5,
                }
              }
            >
              Bianca Souza
            </Text>
          </View>
          <View
            style={
              Object {
                "flexDirection": "row",
              }
            }
          >
            <Text
              style={
                Object {
                  "color": "#14213D",
                  "fontSize": 14,
                  "fontWeight": "700",
                  "paddingBottom": 5,
                  "paddingRight": 5,
                }
              }
            >
              Telefone:
            </Text>
            <Text
              style={
                Object {
                  "color": "#6e6e6e",
                  "fontSize": 14,
                  "fontWeight": "500",
                  "paddingBottom": 5,
                }
              }
            >
              (35) 98877-6655
            </Text>
          </View>
          <View
            style={
              Object {
                "flexDirection": "row",
              }
            }
          >
            <Text
              style={
                Object {
                  "color": "#14213D",
                  "fontSize": 14,
                  "fontWeight": "700",
                  "paddingBottom": 5,
                  "paddingRight": 5,
                }
              }
            >
              E-mail:
            </Text>
            <Text
              style={
                Object {
                  "color": "#6e6e6e",
                  "fontSize": 14,
                  "fontWeight": "500",
                  "paddingBottom": 5,
                }
              }
            >
              biancasouza@gmail.com
            </Text>
          </View>
        </View>
      </View>
      <View
        accessible={true}
        focusable={true}
        onClick={[Function]}
        onResponderGrant={[Function]}
        onResponderMove={[Function]}
        onResponderRelease={[Function]}
        onResponderTerminate={[Function]}
        onResponderTerminationRequest={[Function]}
        onStartShouldSetResponder={[Function]}
        style={
          Object {
            "alignItems": "center",
            "alignSelf": "flex-end",
            "backgroundColor": "#FCA311",
            "borderRadius": 8,
            "height": 30,
            "justifyContent": "center",
            "width": 80,
          }
        }
        testID="modal-button"
      >
        <Text
          style={
            Object {
              "color": "#14213D",
              "fontSize": 14,
              "fontWeight": "bold",
            }
          }
        >
          Fechar
        </Text>
      </View>
    </View>
  </View>
</Modal>
`;

exports[`Modal snapshot test render Modal component correctly when modalVisible is true 1`] = `
<Modal
  animationType="fade"
  hardwareAccelerated={false}
  onRequestClose={[Function]}
  transparent={true}
  visible={true}
>
  <View
    style={
      Object {
        "alignItems": "center",
        "flex": 1,
        "justifyContent": "center",
        "marginTop": 20,
      }
    }
  >
    <View
      style={
        Object {
          "alignItems": "center",
          "backgroundColor": "#e6e6e6",
          "borderColor": "#14213D",
          "borderRadius": 24,
          "borderWidth": 0.5,
          "elevation": 5,
          "padding": 18,
          "shadowColor": "#000",
          "shadowOffset": Object {
            "height": 2,
            "width": 0,
          },
          "shadowOpacity": 0.25,
          "shadowRadius": 4,
        }
      }
    >
      <View
        style={
          Object {
            "flexDirection": "row",
            "marginBottom": 5,
          }
        }
      >
        <Image
          resizeMode="contain"
          source={1}
          style={
            Object {
              "backgroundColor": "#14213D",
              "borderColor": "#14213D",
              "borderRadius": 100,
              "borderWidth": 3,
              "height": 80,
              "width": 80,
            }
          }
        />
        <View
          style={
            Object {
              "alignItems": "flex-start",
              "justifyContent": "center",
              "paddingLeft": 8,
            }
          }
        >
          <View
            style={
              Object {
                "flexDirection": "row",
              }
            }
          >
            <Text
              style={
                Object {
                  "color": "#14213D",
                  "fontSize": 14,
                  "fontWeight": "700",
                  "paddingBottom": 5,
                  "paddingRight": 5,
                }
              }
            >
              Proprietário:
            </Text>
            <Text
              style={
                Object {
                  "color": "#6e6e6e",
                  "fontSize": 14,
                  "fontWeight": "500",
                  "paddingBottom": 5,
                }
              }
            >
              Bianca Souza
            </Text>
          </View>
          <View
            style={
              Object {
                "flexDirection": "row",
              }
            }
          >
            <Text
              style={
                Object {
                  "color": "#14213D",
                  "fontSize": 14,
                  "fontWeight": "700",
                  "paddingBottom": 5,
                  "paddingRight": 5,
                }
              }
            >
              Telefone:
            </Text>
            <Text
              style={
                Object {
                  "color": "#6e6e6e",
                  "fontSize": 14,
                  "fontWeight": "500",
                  "paddingBottom": 5,
                }
              }
            >
              (35) 98877-6655
            </Text>
          </View>
          <View
            style={
              Object {
                "flexDirection": "row",
              }
            }
          >
            <Text
              style={
                Object {
                  "color": "#14213D",
                  "fontSize": 14,
                  "fontWeight": "700",
                  "paddingBottom": 5,
                  "paddingRight": 5,
                }
              }
            >
              E-mail:
            </Text>
            <Text
              style={
                Object {
                  "color": "#6e6e6e",
                  "fontSize": 14,
                  "fontWeight": "500",
                  "paddingBottom": 5,
                }
              }
            >
              biancasouza@gmail.com
            </Text>
          </View>
        </View>
      </View>
      <View
        accessible={true}
        focusable={true}
        onClick={[Function]}
        onResponderGrant={[Function]}
        onResponderMove={[Function]}
        onResponderRelease={[Function]}
        onResponderTerminate={[Function]}
        onResponderTerminationRequest={[Function]}
        onStartShouldSetResponder={[Function]}
        style={
          Object {
            "alignItems": "center",
            "alignSelf": "flex-end",
            "backgroundColor": "#FCA311",
            "borderRadius": 8,
            "height": 30,
            "justifyContent": "center",
            "width": 80,
          }
        }
        testID="modal-button"
      >
        <Text
          style={
            Object {
              "color": "#14213D",
              "fontSize": 14,
              "fontWeight": "bold",
            }
          }
        >
          Fechar
        </Text>
      </View>
    </View>
  </View>
</Modal>
`;
